Archive member included to satisfy reference by file (symbol)

/home/karibe/gcc-arm-none-eabi-6-2017-q1-update/bin/../lib/gcc/arm-none-eabi/6.3.1/../../../../arm-none-eabi/lib/thumb/v7e-m/fpv4-sp/hard/libg_nano.a(lib_a-exit.o)
                              /home/karibe/gcc-arm-none-eabi-6-2017-q1-update/bin/../lib/gcc/arm-none-eabi/6.3.1/../../../../arm-none-eabi/lib/thumb/v7e-m/fpv4-sp/hard/crt0.o (exit)
/home/karibe/gcc-arm-none-eabi-6-2017-q1-update/bin/../lib/gcc/arm-none-eabi/6.3.1/../../../../arm-none-eabi/lib/thumb/v7e-m/fpv4-sp/hard/libg_nano.a(lib_a-impure.o)
                              /home/karibe/gcc-arm-none-eabi-6-2017-q1-update/bin/../lib/gcc/arm-none-eabi/6.3.1/../../../../arm-none-eabi/lib/thumb/v7e-m/fpv4-sp/hard/libg_nano.a(lib_a-exit.o) (_global_impure_ptr)
/home/karibe/gcc-arm-none-eabi-6-2017-q1-update/bin/../lib/gcc/arm-none-eabi/6.3.1/../../../../arm-none-eabi/lib/thumb/v7e-m/fpv4-sp/hard/libg_nano.a(lib_a-init.o)
                              /home/karibe/gcc-arm-none-eabi-6-2017-q1-update/bin/../lib/gcc/arm-none-eabi/6.3.1/../../../../arm-none-eabi/lib/thumb/v7e-m/fpv4-sp/hard/crt0.o (__libc_init_array)
/home/karibe/gcc-arm-none-eabi-6-2017-q1-update/bin/../lib/gcc/arm-none-eabi/6.3.1/../../../../arm-none-eabi/lib/thumb/v7e-m/fpv4-sp/hard/libg_nano.a(lib_a-memset.o)
                              /home/karibe/gcc-arm-none-eabi-6-2017-q1-update/bin/../lib/gcc/arm-none-eabi/6.3.1/../../../../arm-none-eabi/lib/thumb/v7e-m/fpv4-sp/hard/crt0.o (memset)
/home/karibe/gcc-arm-none-eabi-6-2017-q1-update/bin/../lib/gcc/arm-none-eabi/6.3.1/../../../../arm-none-eabi/lib/thumb/v7e-m/fpv4-sp/hard/libg_nano.a(lib_a-strchr.o)
                              ./Generated_Code/UTIL1.o (strchr)
/home/karibe/gcc-arm-none-eabi-6-2017-q1-update/bin/../lib/gcc/arm-none-eabi/6.3.1/../../../../arm-none-eabi/lib/thumb/v7e-m/fpv4-sp/hard/libg_nano.a(lib_a-strlen.o)
                              ./Generated_Code/UTIL1.o (strlen)
/home/karibe/gcc-arm-none-eabi-6-2017-q1-update/bin/../lib/gcc/arm-none-eabi/6.3.1/../../../../arm-none-eabi/lib/thumb/v7e-m/fpv4-sp/hard/libg_nano.a(lib_a-strncmp.o)
                              ./Generated_Code/UTIL1.o (strncmp)
/home/karibe/gcc-arm-none-eabi-6-2017-q1-update/bin/../lib/gcc/arm-none-eabi/6.3.1/../../../../arm-none-eabi/lib/thumb/v7e-m/fpv4-sp/hard/libnosys.a(_exit.o)
                              /home/karibe/gcc-arm-none-eabi-6-2017-q1-update/bin/../lib/gcc/arm-none-eabi/6.3.1/../../../../arm-none-eabi/lib/thumb/v7e-m/fpv4-sp/hard/libg_nano.a(lib_a-exit.o) (_exit)

Allocating common symbols
Common symbol       size              file

LCDBuffer           0x14              ./Sources/main.o
SR_reg              0x1               ./Static_Code/System/CPU_Init.o
SMasterLdd1_DeviceDataPtr
                    0x4               ./Generated_Code/SM1.o
clr                 0x3               ./Sources/lcd.o

Discarded input sections

 .text          0x0000000000000000        0x0 /home/karibe/gcc-arm-none-eabi-6-2017-q1-update/bin/../lib/gcc/arm-none-eabi/6.3.1/thumb/v7e-m/fpv4-sp/hard/crti.o
 .data          0x0000000000000000        0x0 /home/karibe/gcc-arm-none-eabi-6-2017-q1-update/bin/../lib/gcc/arm-none-eabi/6.3.1/thumb/v7e-m/fpv4-sp/hard/crti.o
 .bss           0x0000000000000000        0x0 /home/karibe/gcc-arm-none-eabi-6-2017-q1-update/bin/../lib/gcc/arm-none-eabi/6.3.1/thumb/v7e-m/fpv4-sp/hard/crti.o
 .data          0x0000000000000000        0x4 /home/karibe/gcc-arm-none-eabi-6-2017-q1-update/bin/../lib/gcc/arm-none-eabi/6.3.1/thumb/v7e-m/fpv4-sp/hard/crtbegin.o
 .data          0x0000000000000000        0x0 /home/karibe/gcc-arm-none-eabi-6-2017-q1-update/bin/../lib/gcc/arm-none-eabi/6.3.1/../../../../arm-none-eabi/lib/thumb/v7e-m/fpv4-sp/hard/crt0.o
 .bss           0x0000000000000000        0x0 /home/karibe/gcc-arm-none-eabi-6-2017-q1-update/bin/../lib/gcc/arm-none-eabi/6.3.1/../../../../arm-none-eabi/lib/thumb/v7e-m/fpv4-sp/hard/crt0.o
 .ARM.extab     0x0000000000000000        0x0 /home/karibe/gcc-arm-none-eabi-6-2017-q1-update/bin/../lib/gcc/arm-none-eabi/6.3.1/../../../../arm-none-eabi/lib/thumb/v7e-m/fpv4-sp/hard/crt0.o
 .group         0x0000000000000000        0x8 ./Static_Code/System/CPU_Init.o
 .group         0x0000000000000000        0x8 ./Static_Code/System/CPU_Init.o
 .group         0x0000000000000000        0x8 ./Static_Code/System/CPU_Init.o
 .group         0x0000000000000000        0x8 ./Static_Code/System/CPU_Init.o
 .group         0x0000000000000000        0x8 ./Static_Code/System/CPU_Init.o
 .group         0x0000000000000000        0x8 ./Static_Code/System/CPU_Init.o
 .group         0x0000000000000000        0x8 ./Static_Code/System/CPU_Init.o
 .group         0x0000000000000000        0x8 ./Static_Code/System/CPU_Init.o
 .group         0x0000000000000000        0x8 ./Static_Code/System/CPU_Init.o
 .group         0x0000000000000000        0x8 ./Static_Code/System/CPU_Init.o
 .group         0x0000000000000000        0x8 ./Static_Code/System/CPU_Init.o
[...]
Memory Configuration

Name             Origin             Length             Attributes
m_interrupts     0x0000000000000000 0x0000000000000198 xr
m_text           0x0000000000000410 0x00000000000ffbf0 xr
m_data_1FFF0000  0x000000001fff0000 0x0000000000010000 rw
m_data           0x0000000020000000 0x0000000000030000 rw
m_cfmprotrom     0x0000000000000400 0x0000000000000010 xr
*default*        0x0000000000000000 0xffffffffffffffff

Linker script and memory map

LOAD /home/karibe/gcc-arm-none-eabi-6-2017-q1-update/bin/../lib/gcc/arm-none-eabi/6.3.1/thumb/v7e-m/fpv4-sp/hard/crti.o
LOAD /home/karibe/gcc-arm-none-eabi-6-2017-q1-update/bin/../lib/gcc/arm-none-eabi/6.3.1/thumb/v7e-m/fpv4-sp/hard/crtbegin.o
LOAD /home/karibe/gcc-arm-none-eabi-6-2017-q1-update/bin/../lib/gcc/arm-none-eabi/6.3.1/../../../../arm-none-eabi/lib/thumb/v7e-m/fpv4-sp/hard/crt0.o
LOAD ./Static_Code/System/CPU_Init.o
LOAD ./Static_Code/System/Peripherals_Init.o
LOAD ./Static_Code/System/Vectors.o
LOAD ./Sources/Events.o
LOAD ./Sources/lcd.o
LOAD ./Sources/main.o
LOAD ./Project_Settings/Startup_Code/startup.o
LOAD ./Generated_Code/Cpu.o
LOAD ./Generated_Code/PE_LDD.o
LOAD ./Generated_Code/SM1.o
LOAD ./Generated_Code/SMasterLdd1.o
LOAD ./Generated_Code/UTIL1.o
LOAD ./Generated_Code/WAIT1.o
LOAD /home/karibe/gcc-arm-none-eabi-6-2017-q1-update/bin/../lib/gcc/arm-none-eabi/6.3.1/../../../../arm-none-eabi/lib/thumb/v7e-m/fpv4-sp/hard/libstdc++_nano.a
LOAD /home/karibe/gcc-arm-none-eabi-6-2017-q1-update/bin/../lib/gcc/arm-none-eabi/6.3.1/../../../../arm-none-eabi/lib/thumb/v7e-m/fpv4-sp/hard/libm.a
START GROUP
LOAD /home/karibe/gcc-arm-none-eabi-6-2017-q1-update/bin/../lib/gcc/arm-none-eabi/6.3.1/thumb/v7e-m/fpv4-sp/hard/libgcc.a
LOAD /home/karibe/gcc-arm-none-eabi-6-2017-q1-update/bin/../lib/gcc/arm-none-eabi/6.3.1/../../../../arm-none-eabi/lib/thumb/v7e-m/fpv4-sp/hard/libg_nano.a
LOAD /home/karibe/gcc-arm-none-eabi-6-2017-q1-update/bin/../lib/gcc/arm-none-eabi/6.3.1/../../../../arm-none-eabi/lib/thumb/v7e-m/fpv4-sp/hard/libc_nano.a
END GROUP
START GROUP
LOAD /home/karibe/gcc-arm-none-eabi-6-2017-q1-update/bin/../lib/gcc/arm-none-eabi/6.3.1/thumb/v7e-m/fpv4-sp/hard/libgcc.a
LOAD /home/karibe/gcc-arm-none-eabi-6-2017-q1-update/bin/../lib/gcc/arm-none-eabi/6.3.1/../../../../arm-none-eabi/lib/thumb/v7e-m/fpv4-sp/hard/libc_nano.a
LOAD /home/karibe/gcc-arm-none-eabi-6-2017-q1-update/bin/../lib/gcc/arm-none-eabi/6.3.1/../../../../arm-none-eabi/lib/thumb/v7e-m/fpv4-sp/hard/libnosys.a
END GROUP
START GROUP
LOAD /home/karibe/gcc-arm-none-eabi-6-2017-q1-update/bin/../lib/gcc/arm-none-eabi/6.3.1/thumb/v7e-m/fpv4-sp/hard/libgcc.a
LOAD /home/karibe/gcc-arm-none-eabi-6-2017-q1-update/bin/../lib/gcc/arm-none-eabi/6.3.1/../../../../arm-none-eabi/lib/thumb/v7e-m/fpv4-sp/hard/libc_nano.a
LOAD /home/karibe/gcc-arm-none-eabi-6-2017-q1-update/bin/../lib/gcc/arm-none-eabi/6.3.1/../../../../arm-none-eabi/lib/thumb/v7e-m/fpv4-sp/hard/libnosys.a
END GROUP
LOAD /home/karibe/gcc-arm-none-eabi-6-2017-q1-update/bin/../lib/gcc/arm-none-eabi/6.3.1/thumb/v7e-m/fpv4-sp/hard/crtend.o
LOAD /home/karibe/gcc-arm-none-eabi-6-2017-q1-update/bin/../lib/gcc/arm-none-eabi/6.3.1/thumb/v7e-m/fpv4-sp/hard/crtn.o
                0x0000000020030000                _estack = 0x20030000
                0x0000000020030000                __SP_INIT = _estack
                0x0000000020030000                __stack = _estack
                0x0000000000000000                __heap_size = 0x0
                0x0000000000000400                __stack_size = 0x400

.interrupts     0x0000000000000000      0x198
                0x0000000000000000                __vector_table = .
                0x0000000000000000                . = ALIGN (0x4)
 *(.vectortable)
 .vectortable   0x0000000000000000      0x198 ./Static_Code/System/Vectors.o
                0x0000000000000000                __vect_table
                0x0000000000000198                . = ALIGN (0x4)

.cfmprotect     0x0000000000000400       0x10
                0x0000000000000400                . = ALIGN (0x4)
 *(.cfmconfig)
 .cfmconfig     0x0000000000000400       0x10 ./Static_Code/System/CPU_Init.o
                0x0000000000000400                _cfm
                0x0000000000000410                . = ALIGN (0x4)

.text           0x0000000000000410     0x1e10
                0x0000000000000410                . = ALIGN (0x4)
 *(.text)
 .text          0x0000000000000410       0x6c /home/karibe/gcc-arm-none-eabi-6-2017-q1-update/bin/../lib/gcc/arm-none-eabi/6.3.1/thumb/v7e-m/fpv4-sp/hard/crtbegin.o
 .text          0x000000000000047c       0x74 /home/karibe/gcc-arm-none-eabi-6-2017-q1-update/bin/../lib/gcc/arm-none-eabi/6.3.1/../../../../arm-none-eabi/lib/thumb/v7e-m/fpv4-sp/hard/crt0.o
                0x000000000000047c                _mainCRTStartup
                0x000000000000047c                _start
 *(.text*)
 .text.CPU_SetBASEPRI
                0x00000000000004f0       0x1a ./Static_Code/System/CPU_Init.o
                0x00000000000004f0                CPU_SetBASEPRI
 *fill*         0x000000000000050a        0x2 
 .text.__init_hardware
                0x000000000000050c       0x94 ./Static_Code/System/CPU_Init.o
                0x000000000000050c                __init_hardware
 .text.PE_low_level_init
                0x00000000000005a0       0x12 ./Static_Code/System/CPU_Init.o
                0x00000000000005a0                PE_low_level_init
 *fill*         0x00000000000005b2        0x2 
 .text.CPU_GetClockGenMode
                0x00000000000005b4       0x90 ./Static_Code/System/CPU_Init.o
                0x00000000000005b4                CPU_GetClockGenMode
 .text.CPU_SetClockConfigGenMode
                0x0000000000000644      0x568 ./Static_Code/System/CPU_Init.o
                0x0000000000000644                CPU_SetClockConfigGenMode
 .text.UnhandledInterrupt
                0x0000000000000bac       0x18 ./Static_Code/System/Vectors.o
                0x0000000000000bac                UnhandledInterrupt
 .text.SM1_OnRxChar
                0x0000000000000bc4        0xe ./Sources/Events.o
                0x0000000000000bc4                SM1_OnRxChar
 .text.SM1_OnTxChar
                0x0000000000000bd2        0xe ./Sources/Events.o
                0x0000000000000bd2                SM1_OnTxChar
 .text.SM1_OnError
                0x0000000000000be0        0xe ./Sources/Events.o
                0x0000000000000be0                SM1_OnError
 *fill*         0x0000000000000bee        0x2 
 .text.connectGpio
                0x0000000000000bf0       0xdc ./Sources/lcd.o
                0x0000000000000bf0                connectGpio
 .text.lcd_init
                0x0000000000000ccc       0x58 ./Sources/lcd.o
                0x0000000000000ccc                lcd_init
 .text.CS_ClrVal
                0x0000000000000d24       0x20 ./Sources/lcd.o
                0x0000000000000d24                CS_ClrVal
 .text.CS_SetVal
                0x0000000000000d44       0x20 ./Sources/lcd.o
                0x0000000000000d44                CS_SetVal
 .text.MOSI_ClrVal
                0x0000000000000d64       0x20 ./Sources/lcd.o
                0x0000000000000d64                MOSI_ClrVal
 .text.MOSI_SetVal
                0x0000000000000d84       0x20 ./Sources/lcd.o
                0x0000000000000d84                MOSI_SetVal
 .text.SCK_ClrVal
                0x0000000000000da4       0x20 ./Sources/lcd.o
                0x0000000000000da4                SCK_ClrVal
 .text.SCK_SetVal
                0x0000000000000dc4       0x20 ./Sources/lcd.o
                0x0000000000000dc4                SCK_SetVal
 .text.RESET_ClrVal
                0x0000000000000de4       0x20 ./Sources/lcd.o
                0x0000000000000de4                RESET_ClrVal
 .text.RESET_SetVal
                0x0000000000000e04       0x20 ./Sources/lcd.o
                0x0000000000000e04                RESET_SetVal
 .text.lcd_reset
                0x0000000000000e24       0x2c ./Sources/lcd.o
                0x0000000000000e24                lcd_reset
 .text.lcd_sendcmd
                0x0000000000000e50       0x1e ./Sources/lcd.o
                0x0000000000000e50                lcd_sendcmd
 .text.lcd_senddata
                0x0000000000000e6e       0x20 ./Sources/lcd.o
                0x0000000000000e6e                lcd_senddata
 *fill*         0x0000000000000e8e        0x2 
 .text.lcd_send
                0x0000000000000e90       0x68 ./Sources/lcd.o
                0x0000000000000e90                lcd_send
 .text.lcd_delayms
                0x0000000000000ef8       0x1a ./Sources/lcd.o
                0x0000000000000ef8                lcd_delayms
 .text.lcd_clear
                0x0000000000000f12       0x46 ./Sources/lcd.o
                0x0000000000000f12                lcd_clear
 .text.add2display
                0x0000000000000f58       0x50 ./Sources/lcd.o
                0x0000000000000f58                add2display
 .text.display  0x0000000000000fa8      0x134 ./Sources/lcd.o
                0x0000000000000fa8                display
 .text.lcd_setwin
                0x00000000000010dc       0xa4 ./Sources/lcd.o
                0x00000000000010dc                lcd_setwin
 .text.lcd_sendpixel
                0x0000000000001180       0x2a ./Sources/lcd.o
                0x0000000000001180                lcd_sendpixel
 *fill*         0x00000000000011aa        0x2 
 .text.lcd_sendchar
                0x00000000000011ac       0xa0 ./Sources/lcd.o
                0x00000000000011ac                lcd_sendchar
 .text.lcd_printstr
                0x000000000000124c       0x68 ./Sources/lcd.o
                0x000000000000124c                lcd_printstr
 .text.getWidth
                0x00000000000012b4       0x4c ./Sources/lcd.o
                0x00000000000012b4                getWidth
 .text.getHeight
                0x0000000000001300       0x50 ./Sources/lcd.o
                0x0000000000001300                getHeight
 .text.main     0x0000000000001350       0x90 ./Sources/main.o
                0x0000000000001350                main
 .text.__copy_rom_section
                0x00000000000013e0       0xe8 ./Project_Settings/Startup_Code/startup.o
                0x00000000000013e0                __copy_rom_section
 .text.__copy_rom_sections_to_ram
                0x00000000000014c8       0xa4 ./Project_Settings/Startup_Code/startup.o
                0x00000000000014c8                __copy_rom_sections_to_ram
 .text.__init_registers
                0x000000000000156c       0x22 ./Project_Settings/Startup_Code/startup.o
                0x000000000000156c                __init_registers
 .text.__init_user
                0x000000000000158e        0xe ./Project_Settings/Startup_Code/startup.o
                0x000000000000158e                __init_user
 .text.__thumb_startup
                0x000000000000159c       0x34 ./Project_Settings/Startup_Code/startup.o
                0x000000000000159c                __thumb_startup
 .text.Components_Init
                0x00000000000015d0        0xc ./Generated_Code/Cpu.o
                0x00000000000015d0                Components_Init
 .text.HWEnDi   0x00000000000015dc       0x64 ./Generated_Code/SM1.o
 .text.SM1_Enable
                0x0000000000001640       0x20 ./Generated_Code/SM1.o
                0x0000000000001640                SM1_Enable
 .text.SM1_SendChar
                0x0000000000001660       0x98 ./Generated_Code/SM1.o
                0x0000000000001660                SM1_SendChar
 .text.SM1_Init
                0x00000000000016f8       0x3c ./Generated_Code/SM1.o
                0x00000000000016f8                SM1_Init
 .text.SMasterLdd1_OnBlockReceived
                0x0000000000001734       0x80 ./Generated_Code/SM1.o
                0x0000000000001734                SMasterLdd1_OnBlockReceived
 .text.SMasterLdd1_OnBlockSent
                0x00000000000017b4       0x28 ./Generated_Code/SM1.o
                0x00000000000017b4                SMasterLdd1_OnBlockSent
 .text.SMasterLdd1_Init
                0x00000000000017dc      0x134 ./Generated_Code/SMasterLdd1.o
                0x00000000000017dc                SMasterLdd1_Init
 .text.SMasterLdd1_Enable
                0x0000000000001910       0x26 ./Generated_Code/SMasterLdd1.o
                0x0000000000001910                SMasterLdd1_Enable
 .text.SMasterLdd1_Disable
                0x0000000000001936       0x26 ./Generated_Code/SMasterLdd1.o
                0x0000000000001936                SMasterLdd1_Disable
 .text.SMasterLdd1_ReceiveBlock
                0x000000000000195c       0x8c ./Generated_Code/SMasterLdd1.o
                0x000000000000195c                SMasterLdd1_ReceiveBlock
 .text.SMasterLdd1_SendBlock
                0x00000000000019e8       0x9c ./Generated_Code/SMasterLdd1.o
                0x00000000000019e8                SMasterLdd1_SendBlock
 .text.SMasterLdd1_Interrupt
                0x0000000000001a84      0x12c ./Generated_Code/SMasterLdd1.o
                0x0000000000001a84                SMasterLdd1_Interrupt
 .text.HWEnDi   0x0000000000001bb0       0x8c ./Generated_Code/SMasterLdd1.o
 .text.UTIL1_strcpy
                0x0000000000001c3c       0x4a ./Generated_Code/UTIL1.o
                0x0000000000001c3c                UTIL1_strcpy
 .text.WAIT1_Wait10Cycles
                0x0000000000001c86        0xa ./Generated_Code/WAIT1.o
                0x0000000000001c86                WAIT1_Wait10Cycles
 .text.WAIT1_Wait100Cycles
                0x0000000000001c90       0x1a ./Generated_Code/WAIT1.o
                0x0000000000001c90                WAIT1_Wait100Cycles
 .text.WAIT1_WaitCycles
                0x0000000000001caa       0x36 ./Generated_Code/WAIT1.o
                0x0000000000001caa                WAIT1_WaitCycles
 .text.WAIT1_WaitLongCycles
                0x0000000000001ce0       0x38 ./Generated_Code/WAIT1.o
                0x0000000000001ce0                WAIT1_WaitLongCycles
 .text.WAIT1_Waitms
                0x0000000000001d18       0x30 ./Generated_Code/WAIT1.o
                0x0000000000001d18                WAIT1_Waitms
 .text.exit     0x0000000000001d48       0x28 /home/karibe/gcc-arm-none-eabi-6-2017-q1-update/bin/../lib/gcc/arm-none-eabi/6.3.1/../../../../arm-none-eabi/lib/thumb/v7e-m/fpv4-sp/hard/libg_nano.a(lib_a-exit.o)
                0x0000000000001d48                exit
 .text.__libc_init_array
                0x0000000000001d70       0x48 /home/karibe/gcc-arm-none-eabi-6-2017-q1-update/bin/../lib/gcc/arm-none-eabi/6.3.1/../../../../arm-none-eabi/lib/thumb/v7e-m/fpv4-sp/hard/libg_nano.a(lib_a-init.o)
                0x0000000000001d70                __libc_init_array
 .text.memset   0x0000000000001db8       0x10 /home/karibe/gcc-arm-none-eabi-6-2017-q1-update/bin/../lib/gcc/arm-none-eabi/6.3.1/../../../../arm-none-eabi/lib/thumb/v7e-m/fpv4-sp/hard/libg_nano.a(lib_a-memset.o)
                0x0000000000001db8                memset
 .text._exit    0x0000000000001dc8        0x4 /home/karibe/gcc-arm-none-eabi-6-2017-q1-update/bin/../lib/gcc/arm-none-eabi/6.3.1/../../../../arm-none-eabi/lib/thumb/v7e-m/fpv4-sp/hard/libnosys.a(_exit.o)
                0x0000000000001dc8                _exit
 *(.rodata)
 .rodata        0x0000000000001dcc       0x1b ./Sources/main.o
 *(.rodata*)
 *fill*         0x0000000000001de7        0x1 
 .rodata.ClockGenModeMatrix
                0x0000000000001de8       0x80 ./Static_Code/System/CPU_Init.o
 .rodata.CPU_ClockConfigDescriptors
                0x0000000000001e68       0x1c ./Static_Code/System/CPU_Init.o
 .rodata.CPU_DefaultFEI
                0x0000000000001e84        0x8 ./Static_Code/System/CPU_Init.o
 .rodata.CPU_DefaultFBI
                0x0000000000001e8c        0x8 ./Static_Code/System/CPU_Init.o
 .rodata.CPU_DefaultBLPI
                0x0000000000001e94        0x8 ./Static_Code/System/CPU_Init.o
 .rodata.CPU_DefaultFEE
                0x0000000000001e9c        0x8 ./Static_Code/System/CPU_Init.o
 .rodata.CPU_DefaultFBE
                0x0000000000001ea4        0x8 ./Static_Code/System/CPU_Init.o
 .rodata.CPU_DefaultBLPE
                0x0000000000001eac        0x8 ./Static_Code/System/CPU_Init.o
 .rodata.CPU_DefaultPBE
                0x0000000000001eb4        0x8 ./Static_Code/System/CPU_Init.o
 .rodata.CPU_DefaultPEE
                0x0000000000001ebc        0x8 ./Static_Code/System/CPU_Init.o
 .rodata.CPU_ClockGenModeRegs
                0x0000000000001ec4       0x20 ./Static_Code/System/CPU_Init.o
 .rodata.font_lookup
                0x0000000000001ee4      0x320 ./Sources/lcd.o
                0x0000000000001ee4                font_lookup
 .rodata._global_impure_ptr
                0x0000000000002204        0x4 /home/karibe/gcc-arm-none-eabi-6-2017-q1-update/bin/../lib/gcc/arm-none-eabi/6.3.1/../../../../arm-none-eabi/lib/thumb/v7e-m/fpv4-sp/hard/libg_nano.a(lib_a-impure.o)
                0x0000000000002204                _global_impure_ptr
 *(.glue_7)
 .glue_7        0x0000000000002208        0x0 linker stubs
 *(.glue_7t)
 .glue_7t       0x0000000000002208        0x0 linker stubs
 *(.eh_frame)
 .eh_frame      0x0000000000002208        0x0 /home/karibe/gcc-arm-none-eabi-6-2017-q1-update/bin/../lib/gcc/arm-none-eabi/6.3.1/thumb/v7e-m/fpv4-sp/hard/crtbegin.o
 *(.init)
 .init          0x0000000000002208        0x4 /home/karibe/gcc-arm-none-eabi-6-2017-q1-update/bin/../lib/gcc/arm-none-eabi/6.3.1/thumb/v7e-m/fpv4-sp/hard/crti.o
                0x0000000000002208                _init
 .init          0x000000000000220c        0x8 /home/karibe/gcc-arm-none-eabi-6-2017-q1-update/bin/../lib/gcc/arm-none-eabi/6.3.1/thumb/v7e-m/fpv4-sp/hard/crtn.o
 *(.fini)
 .fini          0x0000000000002214        0x4 /home/karibe/gcc-arm-none-eabi-6-2017-q1-update/bin/../lib/gcc/arm-none-eabi/6.3.1/thumb/v7e-m/fpv4-sp/hard/crti.o
                0x0000000000002214                _fini
 .fini          0x0000000000002218        0x8 /home/karibe/gcc-arm-none-eabi-6-2017-q1-update/bin/../lib/gcc/arm-none-eabi/6.3.1/thumb/v7e-m/fpv4-sp/hard/crtn.o
                0x0000000000002220                . = ALIGN (0x4)
                0x0000000000002220                _etext = .

.vfp11_veneer   0x0000000000002220        0x0
 .vfp11_veneer  0x0000000000002220        0x0 linker stubs

.v4_bx          0x0000000000002220        0x0
 .v4_bx         0x0000000000002220        0x0 linker stubs

.iplt           0x0000000000002220        0x0
 .iplt          0x0000000000002220        0x0 /home/karibe/gcc-arm-none-eabi-6-2017-q1-update/bin/../lib/gcc/arm-none-eabi/6.3.1/thumb/v7e-m/fpv4-sp/hard/crtbegin.o

.ARM.extab
 *(.ARM.extab* .gnu.linkonce.armextab.*)

.ARM            0x0000000000002220        0x8
                0x0000000000002220                __exidx_start = .
 *(.ARM.exidx*)
 .ARM.exidx     0x0000000000002220        0x8 /home/karibe/gcc-arm-none-eabi-6-2017-q1-update/bin/../lib/gcc/arm-none-eabi/6.3.1/../../../../arm-none-eabi/lib/thumb/v7e-m/fpv4-sp/hard/crt0.o
                0x0000000000002228                __exidx_end = .

.rel.dyn        0x0000000000002228        0x0
 .rel.iplt      0x0000000000002228        0x0 /home/karibe/gcc-arm-none-eabi-6-2017-q1-update/bin/../lib/gcc/arm-none-eabi/6.3.1/thumb/v7e-m/fpv4-sp/hard/crtbegin.o

.ctors          0x0000000000002228        0x0
                0x0000000000002228                __CTOR_LIST__ = .
 *crtbegin.o(.ctors)
 *(EXCLUDE_FILE(*crtend.o) .ctors)
 *(SORT(.ctors.*))
 *(.ctors)
                0x0000000000002228                __CTOR_END__ = .

.dtors          0x0000000000002228        0x0
                0x0000000000002228                __DTOR_LIST__ = .
 *crtbegin.o(.dtors)
 *(EXCLUDE_FILE(*crtend.o) .dtors)
 *(SORT(.dtors.*))
 *(.dtors)
                0x0000000000002228                __DTOR_END__ = .

.preinit_array  0x0000000000002228        0x0
                0x0000000000002228                PROVIDE (__preinit_array_start, .)
 *(.preinit_array*)
                0x0000000000002228                PROVIDE (__preinit_array_end, .)

.init_array     0x0000000000002228        0x4
                0x0000000000002228                PROVIDE (__init_array_start, .)
 *(SORT(.init_array.*))
 *(.init_array*)
 .init_array    0x0000000000002228        0x4 /home/karibe/gcc-arm-none-eabi-6-2017-q1-update/bin/../lib/gcc/arm-none-eabi/6.3.1/thumb/v7e-m/fpv4-sp/hard/crtbegin.o
                0x000000000000222c                PROVIDE (__init_array_end, .)

.fini_array     0x000000000000222c        0x4
                [!provide]                        PROVIDE (__fini_array_start, .)
 *(SORT(.fini_array.*))
 *(.fini_array*)
 .fini_array    0x000000000000222c        0x4 /home/karibe/gcc-arm-none-eabi-6-2017-q1-update/bin/../lib/gcc/arm-none-eabi/6.3.1/thumb/v7e-m/fpv4-sp/hard/crtbegin.o
                [!provide]                        PROVIDE (__fini_array_end, .)
                0x0000000000002230                ___ROM_AT = .

.data           0x0000000020000000       0x6c load address 0x0000000000002230
                0x0000000020000000                . = ALIGN (0x4)
                0x0000000020000000                _sdata = .
 *(.data)
 *(.data*)
 .data.White    0x0000000020000000        0x3 ./Sources/lcd.o
 *fill*         0x0000000020000003        0x1 
 .data.Blue     0x0000000020000004        0x3 ./Sources/lcd.o
 *fill*         0x0000000020000007        0x1 
 .data.White    0x0000000020000008        0x3 ./Sources/main.o
 .data.HWSPI    0x000000002000000b        0x1 ./Sources/main.o
                0x000000002000000b                HWSPI
 .data.impure_data
                0x000000002000000c       0x60 /home/karibe/gcc-arm-none-eabi-6-2017-q1-update/bin/../lib/gcc/arm-none-eabi/6.3.1/../../../../arm-none-eabi/lib/thumb/v7e-m/fpv4-sp/hard/libg_nano.a(lib_a-impure.o)
                0x000000002000006c                . = ALIGN (0x4)
                0x000000002000006c                _edata = .
                0x000000000000006c                ___data_size = (_edata - _sdata)
                0x000000000000229c                ___m_data_1FFF0000_ROMStart = (___ROM_AT + SIZEOF (.data))

.jcr            0x000000002000006c        0x0 load address 0x000000000000229c
 .jcr           0x000000002000006c        0x0 /home/karibe/gcc-arm-none-eabi-6-2017-q1-update/bin/../lib/gcc/arm-none-eabi/6.3.1/thumb/v7e-m/fpv4-sp/hard/crtbegin.o

.igot.plt       0x000000002000006c        0x0 load address 0x000000000000229c
 .igot.plt      0x000000002000006c        0x0 /home/karibe/gcc-arm-none-eabi-6-2017-q1-update/bin/../lib/gcc/arm-none-eabi/6.3.1/thumb/v7e-m/fpv4-sp/hard/crtbegin.o

.m_data_1FFF0000
                0x000000001fff0000        0x0 load address 0x000000000000229c
                0x000000001fff0000                . = ALIGN (0x4)
                0x000000001fff0000                ___m_data_1FFF0000_RAMStart = .
 *(.m_data_1FFF0000)
                0x000000001fff0000                ___m_data_1FFF0000_RAMEnd = .
                0x000000001fff0000                . = ALIGN (0x4)
                0x0000000000000000                ___m_data_1FFF0000_ROMSize = (___m_data_1FFF0000_RAMEnd - ___m_data_1FFF0000_RAMStart)
                0x000000001fff0000                . = ALIGN (0x4)

.bss            0x000000002000006c      0x220 load address 0x000000000000229c
                0x000000002000006c                __START_BSS = .
                0x000000002000006c                PROVIDE (__bss_start__, __START_BSS)
 *(.bss)
 .bss           0x000000002000006c       0x1c /home/karibe/gcc-arm-none-eabi-6-2017-q1-update/bin/../lib/gcc/arm-none-eabi/6.3.1/thumb/v7e-m/fpv4-sp/hard/crtbegin.o
 *(.bss*)
 .bss.SR_lock   0x0000000020000088        0x1 ./Static_Code/System/CPU_Init.o
                0x0000000020000088                SR_lock
 *fill*         0x0000000020000089        0x3 
 .bss.buffer    0x000000002000008c      0x1b8 ./Sources/lcd.o
                0x000000002000008c                buffer
 .bss.buffer_ptr
                0x0000000020000244        0x4 ./Sources/main.o
                0x0000000020000244                buffer_ptr
 .bss.selected  0x0000000020000248        0x4 ./Sources/main.o
                0x0000000020000248                selected
 .bss.orientation
                0x000000002000024c        0x1 ./Sources/main.o
                0x000000002000024c                orientation
 *fill*         0x000000002000024d        0x3 
 .bss.PE_LDD_DeviceDataList
                0x0000000020000250        0x4 ./Generated_Code/PE_LDD.o
                0x0000000020000250                PE_LDD_DeviceDataList
 .bss.EnUser    0x0000000020000254        0x1 ./Generated_Code/SM1.o
 .bss.SerFlag   0x0000000020000255        0x1 ./Generated_Code/SM1.o
 .bss.ErrFlag   0x0000000020000256        0x1 ./Generated_Code/SM1.o
 *fill*         0x0000000020000257        0x1 
 .bss.BufferRead
                0x0000000020000258        0x2 ./Generated_Code/SM1.o
 .bss.OutBuffer
                0x000000002000025a        0x2 ./Generated_Code/SM1.o
 .bss.DeviceDataPrv__DEFAULT_RTOS_ALLOC
                0x000000002000025c       0x24 ./Generated_Code/SMasterLdd1.o
 .bss.INT_SPI0__DEFAULT_RTOS_ISRPARAM
                0x0000000020000280        0x4 ./Generated_Code/SMasterLdd1.o
 *(COMMON)
 COMMON         0x0000000020000284        0x1 ./Static_Code/System/CPU_Init.o
                0x0000000020000284                SR_reg
 *fill*         0x0000000020000285        0x3 
 COMMON         0x0000000020000288        0x4 ./Generated_Code/SM1.o
                0x0000000020000288                SMasterLdd1_DeviceDataPtr
                0x000000002000028c                . = ALIGN (0x4)
                0x000000002000028c                __END_BSS = .
                0x000000002000028c                PROVIDE (__bss_end__, __END_BSS)
                0x000000000000229c                _romp_at = ((___ROM_AT + SIZEOF (.data)) + SIZEOF (.m_data_1FFF0000))

.romp           0x000000002000028c       0x24 load address 0x000000000000229c
                0x000000000000229c                __S_romp = _romp_at
                0x000000002000028c        0x4 LONG 0x2230 ___ROM_AT
                0x0000000020000290        0x4 LONG 0x20000000 _sdata
                0x0000000020000294        0x4 LONG 0x6c ___data_size
                0x0000000020000298        0x4 LONG 0x229c ___m_data_1FFF0000_ROMStart
                0x000000002000029c        0x4 LONG 0x1fff0000 ___m_data_1FFF0000_RAMStart
                0x00000000200002a0        0x4 LONG 0x0 ___m_data_1FFF0000_ROMSize
                0x00000000200002a4        0x4 LONG 0x0
                0x00000000200002a8        0x4 LONG 0x0
                0x00000000200002ac        0x4 LONG 0x0
                0x0000000000100000                text_end = (ORIGIN (m_text) + LENGTH (m_text))
                0x00000000000022c0                data_init_end = ((___m_data_1FFF0000_ROMStart + SIZEOF (.m_data_1FFF0000)) + SIZEOF (.romp))
                0x0000000000000001                ASSERT ((data_init_end <= text_end), region m_text overflowed with text and data)

._user_heap_stack
                0x00000000200002b0      0x400 load address 0x00000000000022c0
                0x00000000200002b0                . = ALIGN (0x4)
                [!provide]                        PROVIDE (end, .)
                [!provide]                        PROVIDE (_end, .)
                [!provide]                        PROVIDE (__end__, .)
                0x00000000200002b0                __heap_addr = .
                0x00000000200002b0                __HeapBase = .
                0x00000000200002b0                . = (. + __heap_size)
                0x00000000200002b0                __HeapLimit = .
                0x00000000200006b0                . = (. + __stack_size)
 *fill*         0x00000000200002b0      0x400 
                0x00000000200006b0                . = ALIGN (0x4)

.ARM.attributes
                0x0000000000000000       0x30
 *(.ARM.attributes)
 .ARM.attributes
                0x0000000000000000       0x22 /home/karibe/gcc-arm-none-eabi-6-2017-q1-update/bin/../lib/gcc/arm-none-eabi/6.3.1/thumb/v7e-m/fpv4-sp/hard/crti.o
 .ARM.attributes
                0x0000000000000022       0x34 /home/karibe/gcc-arm-none-eabi-6-2017-q1-update/bin/../lib/gcc/arm-none-eabi/6.3.1/thumb/v7e-m/fpv4-sp/hard/crtbegin.o
 .ARM.attributes
                0x0000000000000056       0x20 /home/karibe/gcc-arm-none-eabi-6-2017-q1-update/bin/../lib/gcc/arm-none-eabi/6.3.1/../../../../arm-none-eabi/lib/thumb/v7e-m/fpv4-sp/hard/crt0.o
 .ARM.attributes
                0x0000000000000076       0x39 ./Static_Code/System/CPU_Init.o
 .ARM.attributes
                0x00000000000000af       0x39 ./Static_Code/System/Vectors.o
 .ARM.attributes
                0x00000000000000e8       0x39 ./Sources/Events.o
 .ARM.attributes
                0x0000000000000121       0x39 ./Sources/lcd.o
 .ARM.attributes
                0x000000000000015a       0x39 ./Sources/main.o
 .ARM.attributes
                0x0000000000000193       0x39 ./Project_Settings/Startup_Code/startup.o
 .ARM.attributes
                0x00000000000001cc       0x39 ./Generated_Code/Cpu.o
 .ARM.attributes
                0x0000000000000205       0x39 ./Generated_Code/PE_LDD.o
 .ARM.attributes
                0x000000000000023e       0x39 ./Generated_Code/SM1.o
 .ARM.attributes
                0x0000000000000277       0x39 ./Generated_Code/SMasterLdd1.o
 .ARM.attributes
                0x00000000000002b0       0x39 ./Generated_Code/UTIL1.o
 .ARM.attributes
                0x00000000000002e9       0x39 ./Generated_Code/WAIT1.o
 .ARM.attributes
                0x0000000000000322       0x34 /home/karibe/gcc-arm-none-eabi-6-2017-q1-update/bin/../lib/gcc/arm-none-eabi/6.3.1/../../../../arm-none-eabi/lib/thumb/v7e-m/fpv4-sp/hard/libg_nano.a(lib_a-exit.o)
 .ARM.attributes
                0x0000000000000356       0x34 /home/karibe/gcc-arm-none-eabi-6-2017-q1-update/bin/../lib/gcc/arm-none-eabi/6.3.1/../../../../arm-none-eabi/lib/thumb/v7e-m/fpv4-sp/hard/libg_nano.a(lib_a-impure.o)
 .ARM.attributes
                0x000000000000038a       0x34 /home/karibe/gcc-arm-none-eabi-6-2017-q1-update/bin/../lib/gcc/arm-none-eabi/6.3.1/../../../../arm-none-eabi/lib/thumb/v7e-m/fpv4-sp/hard/libg_nano.a(lib_a-init.o)
 .ARM.attributes
                0x00000000000003be       0x34 /home/karibe/gcc-arm-none-eabi-6-2017-q1-update/bin/../lib/gcc/arm-none-eabi/6.3.1/../../../../arm-none-eabi/lib/thumb/v7e-m/fpv4-sp/hard/libg_nano.a(lib_a-memset.o)
 .ARM.attributes
                0x00000000000003f2       0x34 /home/karibe/gcc-arm-none-eabi-6-2017-q1-update/bin/../lib/gcc/arm-none-eabi/6.3.1/../../../../arm-none-eabi/lib/thumb/v7e-m/fpv4-sp/hard/libnosys.a(_exit.o)
 .ARM.attributes
                0x0000000000000426       0x22 /home/karibe/gcc-arm-none-eabi-6-2017-q1-update/bin/../lib/gcc/arm-none-eabi/6.3.1/thumb/v7e-m/fpv4-sp/hard/crtn.o
OUTPUT(K64F_LCD.elf elf32-littlearm)

.debug_info     0x0000000000000000     0xb105
 .debug_info    0x0000000000000000     0x13a0 ./Static_Code/System/CPU_Init.o
 .debug_info    0x00000000000013a0     0x1144 ./Static_Code/System/Vectors.o
 .debug_info    0x00000000000024e4      0xa50 ./Sources/Events.o
 .debug_info    0x0000000000002f34     0x19f3 ./Sources/lcd.o
 .debug_info    0x0000000000004927      0xdbe ./Sources/main.o
 .debug_info    0x00000000000056e5      0xbc7 ./Project_Settings/Startup_Code/startup.o
 .debug_info    0x00000000000062ac      0xa2e ./Generated_Code/Cpu.o
 .debug_info    0x0000000000006cda      0xaf1 ./Generated_Code/PE_LDD.o
 .debug_info    0x00000000000077cb      0xd20 ./Generated_Code/SM1.o
 .debug_info    0x00000000000084eb      0xa4d ./Generated_Code/SMasterLdd1.o
 .debug_info    0x0000000000008f38     0x1f11 ./Generated_Code/UTIL1.o
 .debug_info    0x000000000000ae49      0x2bc ./Generated_Code/WAIT1.o

.debug_abbrev   0x0000000000000000     0x1b7b
 .debug_abbrev  0x0000000000000000      0x28c ./Static_Code/System/CPU_Init.o
 .debug_abbrev  0x000000000000028c      0x1f3 ./Static_Code/System/Vectors.o
 .debug_abbrev  0x000000000000047f      0x1ce ./Sources/Events.o
 .debug_abbrev  0x000000000000064d      0x389 ./Sources/lcd.o
 .debug_abbrev  0x00000000000009d6      0x211 ./Sources/main.o
 .debug_abbrev  0x0000000000000be7      0x254 ./Project_Settings/Startup_Code/startup.o
 .debug_abbrev  0x0000000000000e3b      0x1ce ./Generated_Code/Cpu.o
 .debug_abbrev  0x0000000000001009      0x24d ./Generated_Code/PE_LDD.o
 .debug_abbrev  0x0000000000001256      0x2e2 ./Generated_Code/SM1.o
 .debug_abbrev  0x0000000000001538      0x217 ./Generated_Code/SMasterLdd1.o
 .debug_abbrev  0x000000000000174f      0x312 ./Generated_Code/UTIL1.o
 .debug_abbrev  0x0000000000001a61      0x11a ./Generated_Code/WAIT1.o

.debug_aranges  0x0000000000000000      0x8c0
 .debug_aranges
                0x0000000000000000       0x40 ./Static_Code/System/CPU_Init.o
 .debug_aranges
                0x0000000000000040      0x340 ./Static_Code/System/Vectors.o
 .debug_aranges
                0x0000000000000380       0x30 ./Sources/Events.o
 .debug_aranges
                0x00000000000003b0      0x188 ./Sources/lcd.o
 .debug_aranges
                0x0000000000000538       0x20 ./Sources/main.o
 .debug_aranges
                0x0000000000000558       0x50 ./Project_Settings/Startup_Code/startup.o
 .debug_aranges
                0x00000000000005a8       0x20 ./Generated_Code/Cpu.o
 .debug_aranges
                0x00000000000005c8       0x30 ./Generated_Code/PE_LDD.o
 .debug_aranges
                0x00000000000005f8       0x78 ./Generated_Code/SM1.o
 .debug_aranges
                0x0000000000000670       0x58 ./Generated_Code/SMasterLdd1.o
 .debug_aranges
                0x00000000000006c8      0x1b8 ./Generated_Code/UTIL1.o
 .debug_aranges
                0x0000000000000880       0x40 ./Generated_Code/WAIT1.o

.debug_ranges   0x0000000000000000      0x800
 .debug_ranges  0x0000000000000000       0x30 ./Static_Code/System/CPU_Init.o
 .debug_ranges  0x0000000000000030      0x330 ./Static_Code/System/Vectors.o
 .debug_ranges  0x0000000000000360       0x20 ./Sources/Events.o
 .debug_ranges  0x0000000000000380      0x178 ./Sources/lcd.o
 .debug_ranges  0x00000000000004f8       0x10 ./Sources/main.o
 .debug_ranges  0x0000000000000508       0x40 ./Project_Settings/Startup_Code/startup.o
 .debug_ranges  0x0000000000000548       0x10 ./Generated_Code/Cpu.o
 .debug_ranges  0x0000000000000558       0x20 ./Generated_Code/PE_LDD.o
 .debug_ranges  0x0000000000000578       0x68 ./Generated_Code/SM1.o
 .debug_ranges  0x00000000000005e0       0x48 ./Generated_Code/SMasterLdd1.o
 .debug_ranges  0x0000000000000628      0x1a8 ./Generated_Code/UTIL1.o
 .debug_ranges  0x00000000000007d0       0x30 ./Generated_Code/WAIT1.o

.debug_macro    0x0000000000000000    0x2f725
 .debug_macro   0x0000000000000000      0x224 ./Static_Code/System/CPU_Init.o
 .debug_macro   0x0000000000000224      0x892 ./Static_Code/System/CPU_Init.o
 .debug_macro   0x0000000000000ab6       0x22 ./Static_Code/System/CPU_Init.o
 .debug_macro   0x0000000000000ad8       0x4f ./Static_Code/System/CPU_Init.o
 .debug_macro   0x0000000000000b27       0x51 ./Static_Code/System/CPU_Init.o
 .debug_macro   0x0000000000000b78       0xef ./Static_Code/System/CPU_Init.o
 .debug_macro   0x0000000000000c67       0x6a ./Static_Code/System/CPU_Init.o
 .debug_macro   0x0000000000000cd1      0x1df ./Static_Code/System/CPU_Init.o
 .debug_macro   0x0000000000000eb0     0x1775 ./Static_Code/System/CPU_Init.o
 .debug_macro   0x0000000000002625    0x110ae ./Static_Code/System/CPU_Init.o
 .debug_macro   0x00000000000136d3      0x4b0 ./Static_Code/System/CPU_Init.o
 .debug_macro   0x0000000000013b83      0x14e ./Static_Code/System/CPU_Init.o
 .debug_macro   0x0000000000013cd1       0x6a ./Static_Code/System/CPU_Init.o
 .debug_macro   0x0000000000013d3b       0x58 ./Static_Code/System/CPU_Init.o
 .debug_macro   0x0000000000013d93       0x35 ./Static_Code/System/CPU_Init.o
 .debug_macro   0x0000000000013dc8       0x9c ./Static_Code/System/CPU_Init.o
 .debug_macro   0x0000000000013e64       0x16 ./Static_Code/System/CPU_Init.o
 .debug_macro   0x0000000000013e7a       0x94 ./Static_Code/System/CPU_Init.o
 .debug_macro   0x0000000000013f0e      0x642 ./Static_Code/System/CPU_Init.o
 .debug_macro   0x0000000000014550       0x51 ./Static_Code/System/CPU_Init.o
 .debug_macro   0x00000000000145a1       0x2d ./Static_Code/System/CPU_Init.o
 .debug_macro   0x00000000000145ce       0x37 ./Static_Code/System/CPU_Init.o
 .debug_macro   0x0000000000014605      0x16d ./Static_Code/System/CPU_Init.o
 .debug_macro   0x0000000000014772       0x58 ./Static_Code/System/CPU_Init.o
 .debug_macro   0x00000000000147ca       0x1f ./Static_Code/System/CPU_Init.o
 .debug_macro   0x00000000000147e9       0x43 ./Static_Code/System/CPU_Init.o
 .debug_macro   0x000000000001482c       0x20 ./Static_Code/System/CPU_Init.o
 .debug_macro   0x000000000001484c      0x187 ./Static_Code/System/CPU_Init.o
 .debug_macro   0x00000000000149d3      0x330 ./Static_Code/System/CPU_Init.o
 .debug_macro   0x0000000000014d03       0x10 ./Static_Code/System/CPU_Init.o
 .debug_macro   0x0000000000014d13       0x35 ./Static_Code/System/CPU_Init.o
 .debug_macro   0x0000000000014d48       0x19 ./Static_Code/System/CPU_Init.o
 .debug_macro   0x0000000000014d61      0x295 ./Static_Code/System/CPU_Init.o
 .debug_macro   0x0000000000014ff6      0x212 ./Static_Code/System/Vectors.o
 .debug_macro   0x0000000000015208      0x35b ./Sources/Events.o
 .debug_macro   0x0000000000015563      0x61c ./Sources/Events.o
 .debug_macro   0x0000000000015b7f      0x625 ./Sources/Events.o
 .debug_macro   0x00000000000161a4      0x328 ./Sources/Events.o
 .debug_macro   0x00000000000164cc      0x1e9 ./Sources/Events.o
 .debug_macro   0x00000000000166b5      0x109 ./Sources/Events.o
 .debug_macro   0x00000000000167be      0x17f ./Sources/Events.o
 .debug_macro   0x000000000001693d      0x202 ./Sources/Events.o
 .debug_macro   0x0000000000016b3f      0x91e ./Sources/Events.o
 .debug_macro   0x000000000001745d      0x585 ./Sources/Events.o
 .debug_macro   0x00000000000179e2       0x9e ./Sources/Events.o
 .debug_macro   0x0000000000017a80      0x1f9 ./Sources/Events.o
 .debug_macro   0x0000000000017c79      0x50f ./Sources/Events.o
 .debug_macro   0x0000000000018188      0x6a6 ./Sources/Events.o
 .debug_macro   0x000000000001882e      0x132 ./Sources/Events.o
 .debug_macro   0x0000000000018960      0x29c ./Sources/Events.o
 .debug_macro   0x0000000000018bfc      0x264 ./Sources/Events.o
 .debug_macro   0x0000000000018e60      0x25b ./Sources/Events.o
 .debug_macro   0x00000000000190bb      0x4f1 ./Sources/Events.o
 .debug_macro   0x00000000000195ac      0x13f ./Sources/Events.o
 .debug_macro   0x00000000000196eb       0x6c ./Sources/Events.o
 .debug_macro   0x0000000000019757      0x30d ./Sources/Events.o
 .debug_macro   0x0000000000019a64       0xbb ./Sources/Events.o
 .debug_macro   0x0000000000019b1f       0xe9 ./Sources/Events.o
 .debug_macro   0x0000000000019c08      0x4ea ./Sources/Events.o
 .debug_macro   0x000000000001a0f2      0x18f ./Sources/Events.o
 .debug_macro   0x000000000001a281       0xea ./Sources/Events.o
 .debug_macro   0x000000000001a36b      0x344 ./Sources/Events.o
 .debug_macro   0x000000000001a6af      0x824 ./Sources/Events.o
 .debug_macro   0x000000000001aed3      0x179 ./Sources/Events.o
 .debug_macro   0x000000000001b04c      0x644 ./Sources/Events.o
 .debug_macro   0x000000000001b690      0xa28 ./Sources/Events.o
 .debug_macro   0x000000000001c0b8      0x124 ./Sources/Events.o
 .debug_macro   0x000000000001c1dc       0x81 ./Sources/Events.o
 .debug_macro   0x000000000001c25d      0x7bf ./Sources/Events.o
 .debug_macro   0x000000000001ca1c      0x10f ./Sources/Events.o
 .debug_macro   0x000000000001cb2b      0x66f ./Sources/Events.o
 .debug_macro   0x000000000001d19a       0x7b ./Sources/Events.o
 .debug_macro   0x000000000001d215      0x182 ./Sources/Events.o
 .debug_macro   0x000000000001d397      0x1f9 ./Sources/lcd.o
 .debug_macro   0x000000000001d590       0x64 ./Sources/lcd.o
 .debug_macro   0x000000000001d5f4       0x58 ./Sources/lcd.o
 .debug_macro   0x000000000001d64c      0x373 ./Sources/main.o
 .debug_macro   0x000000000001d9bf      0x14e ./Project_Settings/Startup_Code/startup.o
 .debug_macro   0x000000000001db0d       0x52 ./Project_Settings/Startup_Code/startup.o
 .debug_macro   0x000000000001db5f       0x55 ./Project_Settings/Startup_Code/startup.o
 .debug_macro   0x000000000001dbb4       0x57 ./Project_Settings/Startup_Code/startup.o
 .debug_macro   0x000000000001dc0b       0x16 ./Project_Settings/Startup_Code/startup.o
 .debug_macro   0x000000000001dc21       0x22 ./Project_Settings/Startup_Code/startup.o
 .debug_macro   0x000000000001dc43       0x10 ./Project_Settings/Startup_Code/startup.o
 .debug_macro   0x000000000001dc53    0x110a2 ./Project_Settings/Startup_Code/startup.o
 .debug_macro   0x000000000002ecf5      0x20b ./Generated_Code/Cpu.o
 .debug_macro   0x000000000002ef00      0x1d3 ./Generated_Code/PE_LDD.o
 .debug_macro   0x000000000002f0d3      0x239 ./Generated_Code/SM1.o
 .debug_macro   0x000000000002f30c      0x13a ./Generated_Code/SMasterLdd1.o
 .debug_macro   0x000000000002f446      0x1ab ./Generated_Code/UTIL1.o
 .debug_macro   0x000000000002f5f1      0x103 ./Generated_Code/WAIT1.o
 .debug_macro   0x000000000002f6f4       0x31 ./Generated_Code/WAIT1.o

.debug_line     0x0000000000000000     0x4e15
 .debug_line    0x0000000000000000      0x5d9 ./Static_Code/System/CPU_Init.o
 .debug_line    0x00000000000005d9      0xb79 ./Static_Code/System/Vectors.o
 .debug_line    0x0000000000001152      0x65a ./Sources/Events.o
 .debug_line    0x00000000000017ac      0x981 ./Sources/lcd.o
 .debug_line    0x000000000000212d      0x65a ./Sources/main.o
 .debug_line    0x0000000000002787      0x3e8 ./Project_Settings/Startup_Code/startup.o
 .debug_line    0x0000000000002b6f      0x4a4 ./Generated_Code/Cpu.o
 .debug_line    0x0000000000003013      0x445 ./Generated_Code/PE_LDD.o
 .debug_line    0x0000000000003458      0x58c ./Generated_Code/SM1.o
 .debug_line    0x00000000000039e4      0x4a1 ./Generated_Code/SMasterLdd1.o
 .debug_line    0x0000000000003e85      0xbfd ./Generated_Code/UTIL1.o
 .debug_line    0x0000000000004a82      0x393 ./Generated_Code/WAIT1.o

.debug_str      0x0000000000000000    0xec398
 .debug_str     0x0000000000000000    0x74174 ./Static_Code/System/CPU_Init.o
                                      0x743ea (size before relaxing)
 .debug_str     0x0000000000074174      0x98a ./Static_Code/System/Vectors.o
                                      0x74835 (size before relaxing)
 .debug_str     0x0000000000074afe    0x7637c ./Sources/Events.o
                                      0xe9204 (size before relaxing)
 .debug_str     0x00000000000eae7a      0x65c ./Sources/lcd.o
                                      0x73563 (size before relaxing)
 .debug_str     0x00000000000eb4d6       0x17 ./Sources/main.o
                                      0xe95d9 (size before relaxing)
 .debug_str     0x00000000000eb4ed      0x17c ./Project_Settings/Startup_Code/startup.o
                                      0x645aa (size before relaxing)
 .debug_str     0x00000000000eb669       0x28 ./Generated_Code/Cpu.o
                                      0x72eb0 (size before relaxing)
 .debug_str     0x00000000000eb691       0x7b ./Generated_Code/PE_LDD.o
                                      0x72f24 (size before relaxing)
 .debug_str     0x00000000000eb70c      0x255 ./Generated_Code/SM1.o
                                      0x7310e (size before relaxing)
 .debug_str     0x00000000000eb961      0x332 ./Generated_Code/SMasterLdd1.o
                                      0x70451 (size before relaxing)
 .debug_str     0x00000000000ebc93      0x681 ./Generated_Code/UTIL1.o
                                      0x6d4cf (size before relaxing)
 .debug_str     0x00000000000ec314       0x84 ./Generated_Code/WAIT1.o
                                      0x6a5f8 (size before relaxing)

.comment        0x0000000000000000       0x7f
 .comment       0x0000000000000000       0x7f ./Static_Code/System/CPU_Init.o
                                         0x80 (size before relaxing)
 .comment       0x000000000000007f       0x80 ./Static_Code/System/Vectors.o
 .comment       0x000000000000007f       0x80 ./Sources/Events.o
 .comment       0x000000000000007f       0x80 ./Sources/lcd.o
 .comment       0x000000000000007f       0x80 ./Sources/main.o
 .comment       0x000000000000007f       0x80 ./Project_Settings/Startup_Code/startup.o
 .comment       0x000000000000007f       0x80 ./Generated_Code/Cpu.o
 .comment       0x000000000000007f       0x80 ./Generated_Code/PE_LDD.o
 .comment       0x000000000000007f       0x80 ./Generated_Code/SM1.o
 .comment       0x000000000000007f       0x80 ./Generated_Code/SMasterLdd1.o
 .comment       0x000000000000007f       0x80 ./Generated_Code/UTIL1.o
 .comment       0x000000000000007f       0x80 ./Generated_Code/WAIT1.o

.debug_frame    0x0000000000000000     0x250c
 .debug_frame   0x0000000000000000       0xb8 ./Static_Code/System/CPU_Init.o
 .debug_frame   0x00000000000000b8      0xfd8 ./Static_Code/System/Vectors.o
 .debug_frame   0x0000000000001090       0x70 ./Sources/Events.o
 .debug_frame   0x0000000000001100      0x688 ./Sources/lcd.o
 .debug_frame   0x0000000000001788       0x2c ./Sources/main.o
 .debug_frame   0x00000000000017b4       0xec ./Project_Settings/Startup_Code/startup.o
 .debug_frame   0x00000000000018a0       0x2c ./Generated_Code/Cpu.o
 .debug_frame   0x00000000000018cc       0x84 ./Generated_Code/PE_LDD.o
 .debug_frame   0x0000000000001950      0x1a4 ./Generated_Code/SM1.o
 .debug_frame   0x0000000000001af4      0x150 ./Generated_Code/SMasterLdd1.o
 .debug_frame   0x0000000000001c44      0x798 ./Generated_Code/UTIL1.o
 .debug_frame   0x00000000000023dc       0x9c ./Generated_Code/WAIT1.o
 .debug_frame   0x0000000000002478       0x28 /home/karibe/gcc-arm-none-eabi-6-2017-q1-update/bin/../lib/gcc/arm-none-eabi/6.3.1/../../../../arm-none-eabi/lib/thumb/v7e-m/fpv4-sp/hard/libg_nano.a(lib_a-exit.o)
 .debug_frame   0x00000000000024a0       0x2c /home/karibe/gcc-arm-none-eabi-6-2017-q1-update/bin/../lib/gcc/arm-none-eabi/6.3.1/../../../../arm-none-eabi/lib/thumb/v7e-m/fpv4-sp/hard/libg_nano.a(lib_a-init.o)
 .debug_frame   0x00000000000024cc       0x20 /home/karibe/gcc-arm-none-eabi-6-2017-q1-update/bin/../lib/gcc/arm-none-eabi/6.3.1/../../../../arm-none-eabi/lib/thumb/v7e-m/fpv4-sp/hard/libg_nano.a(lib_a-memset.o)
 .debug_frame   0x00000000000024ec       0x20 /home/karibe/gcc-arm-none-eabi-6-2017-q1-update/bin/../lib/gcc/arm-none-eabi/6.3.1/../../../../arm-none-eabi/lib/thumb/v7e-m/fpv4-sp/hard/libnosys.a(_exit.o)
